JSCompiler_StaticMethods__peek_at:Hi
JSCompiler_StaticMethods__run:Fi
JSCompiler_StaticMethods__set_opts:Ii
JSCompiler_StaticMethods_add_after_render:ni
JSCompiler_StaticMethods_assoc_BANG_:Pf
JSCompiler_StaticMethods_cljs$core$ITransientVector$_assoc_n_BANG_$arity$3:$e
JSCompiler_StaticMethods_flush_after_render:li
JSCompiler_StaticMethods_schedule:mi
JSCompiler_StaticMethods_sval:Jd
JSCompiler_prototypeAlias:g
L 0:a
L 1:b
L 10:n
L 11:r
L 12:w
L 13:B
L 14:H
L 15:Q
L 16:Z
L 17:ea
L 18:qa
L 19:za
L 2:c
L 20:Pa
L 21:ja
L 22:p
L 23:C
L 24:E
L 25:G
L 26:I
L 27:J
L 28:K
L 29:P
L 3:d
L 30:T
L 31:V
L 32:Y
L 33:da
L 34:ia
L 35:ka
L 36:ua
L 37:ya
L 38:Fa
L 39:Oa
L 4:e
L 40:fb
L 41:Qb
L 42:Tc
L 43:ee
L 5:f
L 6:h
L 7:k
L 8:l
L 9:m
cljs:pa
cljs$core:ra
cljs$core$ArrayChunk:Ld
cljs$core$ArrayNode:zf
cljs$core$ArrayNodeIterator:Df
cljs$core$ArrayNodeSeq:Kf
cljs$core$Atom:me
cljs$core$BitmapIndexedNode:vf
cljs$core$BitmapIndexedNode$EMPTY:yf
cljs$core$Box:of
cljs$core$ChunkBuffer:Kd
cljs$core$ChunkedCons:Md
cljs$core$ChunkedSeq:Ue
cljs$core$Cons:Ed
cljs$core$ES6EntriesIterator:df
cljs$core$ES6Iterator:uc
cljs$core$ES6IteratorSeq:wc
cljs$core$ES6SetEntriesIterator:ef
cljs$core$EmptyList:Dd
cljs$core$Fn:Ma
cljs$core$HashCollisionNode:Hf
cljs$core$HashMapIter:Mf
cljs$core$HashSetIter:Wf
cljs$core$ICollection:Ua
cljs$core$ICounted:Qa
cljs$core$IEmptyableCollection:Sa
cljs$core$IEncodeJS:tg
cljs$core$IFn:Na
cljs$core$IIndexed:Wa
cljs$core$IIndexed$_nth$dyn_45719:Ya
cljs$core$IIterable:Zb
cljs$core$IKVReduce:zb
cljs$core$IList:Gb
cljs$core$ILookup:cb
cljs$core$ILookup$_lookup$dyn_45726:eb
cljs$core$IMap:ib
cljs$core$IMeta:tb
cljs$core$INIT:ge
cljs$core$INext:bb
cljs$core$IPrintWithWriter:Jb
cljs$core$IRecord:Hb
cljs$core$IReduce:wb
cljs$core$IReduce$_reduce$dyn_45745:yb
cljs$core$ISeq:Za
cljs$core$ISeqable:Db
cljs$core$ISequential:Fb
cljs$core$ISet:mb
cljs$core$ISwap$_swap_BANG_$dyn_45804:Yb
cljs$core$ITER_SYMBOL:Ga
cljs$core$IVector:qb
cljs$core$IndexedSeq:qc
cljs$core$IndexedSeqIterator:Pc
cljs$core$KeySeq:Qf
cljs$core$Keyword:A
cljs$core$LazySeq:Id
cljs$core$List:Wc
cljs$core$List$EMPTY:tc
cljs$core$MapEntry:Ie
cljs$core$MetaFn:bd
cljs$core$NeverEquiv:af
cljs$core$NodeIterator:uf
cljs$core$NodeSeq:If
cljs$core$PROTOCOL_SENTINEL:t
cljs$core$PersistentArrayMap:u
cljs$core$PersistentArrayMap$EMPTY:fe
cljs$core$PersistentArrayMap$HASHMAP_THRESHOLD:lf
cljs$core$PersistentArrayMapIterator:gf
cljs$core$PersistentArrayMapSeq:ff
cljs$core$PersistentHashMap:Nf
cljs$core$PersistentHashMap$EMPTY:mf
cljs$core$PersistentHashSet:Xf
cljs$core$PersistentHashSet$EMPTY:Zf
cljs$core$PersistentVector:U
cljs$core$PersistentVector$EMPTY:Vc
cljs$core$PersistentVector$EMPTY_NODE:W
cljs$core$PersistentVector$fromArray:Oe
cljs$core$RangedIterator:Ee
cljs$core$Reduced:Cc
cljs$core$START:he
cljs$core$SeqIter:ie
cljs$core$StringBufferWriter:ac
cljs$core$Subvec:We
cljs$core$Symbol:mc
cljs$core$TransientArrayMap:kf
cljs$core$TransientHashMap:Of
cljs$core$TransientHashSet:Yf
cljs$core$TransientVector:Je
cljs$core$ValSeq:Rf
cljs$core$VectorNode:te
cljs$core$_EQ_:N
cljs$core$_STAR_print_level_STAR_:ta
cljs$core$__destructure_map:be
cljs$core$_add_watch:Lb
cljs$core$_as_transient:Ob
cljs$core$_assoc:gb
cljs$core$_assoc_BANG_:Sb
cljs$core$_assoc_n:rb
cljs$core$_chunked_first:Ub
cljs$core$_chunked_rest:Vb
cljs$core$_clj__GT_js:ug
cljs$core$_conj:Va
cljs$core$_conj_BANG_:Pb
cljs$core$_count:Ra
cljs$core$_deref:sb
cljs$core$_disjoin:nb
cljs$core$_dissoc:jb
cljs$core$_drop_first:Tb
cljs$core$_empty:Ta
cljs$core$_equiv:Bb
cljs$core$_find:hb
cljs$core$_first:$a
cljs$core$_hash:Cb
cljs$core$_indexOf$cljs$0core$0IFn$0_invoke$0arity$03:O
cljs$core$_iterator:$b
cljs$core$_key:kb
cljs$core$_kv_reduce:Ab
cljs$core$_lastIndexOf$cljs$0core$0IFn$0_invoke$0arity$03:Oc
cljs$core$_lookup:db
cljs$core$_meta:ub
cljs$core$_nth:Xa
cljs$core$_peek:ob
cljs$core$_persistent_BANG_:Rb
cljs$core$_pop:pb
cljs$core$_pr_writer:Kb
cljs$core$_reduce:xb
cljs$core$_remove_watch:Nb
cljs$core$_reset_BANG_:Wb
cljs$core$_rest:ab
cljs$core$_seq:Eb
cljs$core$_swap_BANG_:Xb
cljs$core$_val:lb
cljs$core$_with_meta:vb
cljs$core$_write:Ib
cljs$core$aclone:Ha
cljs$core$apply:cd
cljs$core$apply$cljs$0core$0IFn$0_invoke$0arity$02:Yd
cljs$core$apply$cljs$0core$0IFn$0_invoke$0arity$03:Zd
cljs$core$apply$cljs$0core$0IFn$0_invoke$0arity$05:$d
cljs$core$apply$cljs$0core$0IFn$0_invoke$0arity$0variadic:ae
cljs$core$apply_to:Sd
cljs$core$apply_to_simple$cljs$0core$0IFn$0_invoke$0arity$03:Ud
cljs$core$apply_to_simple$cljs$0core$0IFn$0_invoke$0arity$04:Vd
cljs$core$apply_to_simple$cljs$0core$0IFn$0_invoke$0arity$05:Wd
cljs$core$apply_to_simple$cljs$0core$0IFn$0_invoke$0arity$06:Xd
cljs$core$array_QMARK_:Da
cljs$core$array__GT_transient_hash_map:nf
cljs$core$array_copy:od
cljs$core$array_for:Be
cljs$core$array_index_of:Zc
cljs$core$array_reduce$cljs$0core$0IFn$0_invoke$0arity$02:Hc
cljs$core$array_reduce$cljs$0core$0IFn$0_invoke$0arity$03:Ic
cljs$core$array_reduce$cljs$0core$0IFn$0_invoke$0arity$04:Jc
cljs$core$assoc:Yc
cljs$core$bit_count:Cd
cljs$core$boolean$0:qd
cljs$core$bounded_count:Pd
cljs$core$build_subvec:Xe
cljs$core$char_escapes:eg
cljs$core$chunk_append:Od
cljs$core$chunk_cons:Nd
cljs$core$chunked_seq:Ne
cljs$core$chunked_seq$cljs$0core$0IFn$0_invoke$0arity$04:Me
cljs$core$chunked_seq$cljs$0core$0IFn$0_invoke$0arity$05:Ve
cljs$core$chunked_seq_QMARK_:nd
cljs$core$ci_reduce$cljs$0core$0IFn$0_invoke$0arity$02:Fc
cljs$core$ci_reduce$cljs$0core$0IFn$0_invoke$0arity$03:Gc
cljs$core$clj__GT_js:wg
cljs$core$clone_and_set$cljs$0core$0IFn$0_invoke$0arity$03:qf
cljs$core$coll_QMARK_:hd
cljs$core$conj:Uc
cljs$core$conj_BANG_:Rd
cljs$core$cons:Rc
cljs$core$contains_QMARK_:sd
cljs$core$count:R
cljs$core$counted_QMARK_:Kc
cljs$core$create_array_node_seq:Ff
cljs$core$create_array_node_seq$cljs$0core$0IFn$0_invoke$0arity$01:Ef
cljs$core$create_array_node_seq$cljs$0core$0IFn$0_invoke$0arity$03:Lf
cljs$core$create_inode_seq:xf
cljs$core$create_inode_seq$cljs$0core$0IFn$0_invoke$0arity$01:wf
cljs$core$create_inode_seq$cljs$0core$0IFn$0_invoke$0arity$03:Jf
cljs$core$create_node:Bf
cljs$core$create_node$cljs$0core$0IFn$0_invoke$0arity$06:Cf
cljs$core$create_node$cljs$0core$0IFn$0_invoke$0arity$07:Af
cljs$core$deref:Ec
cljs$core$disj:fd
cljs$core$dissoc:$c
cljs$core$do_assoc:Ce
cljs$core$drop$cljs$0core$0IFn$0_invoke$0arity$02:qe
cljs$core$drop_last$cljs$0core$0IFn$0_invoke$0arity$02:re
cljs$core$edit_and_set$cljs$0core$0IFn$0_invoke$0arity$04:sf
cljs$core$empty_QMARK_:gd
cljs$core$empty_ordered_hash:yc
cljs$core$empty_unordered_hash:Ac
cljs$core$equiv_map:cf
cljs$core$equiv_sequential:Qc
cljs$core$es6_iterator:vc
cljs$core$es6_iterator_seq:rc
cljs$core$every_QMARK_:je
cljs$core$first:F
cljs$core$fn_QMARK_:ad
cljs$core$gensym$cljs$0core$0IFn$0_invoke$0arity$01:sg
cljs$core$gensym_counter:rg
cljs$core$get:nc
cljs$core$hash:kc
cljs$core$hash_collision_node_find_index:Gf
cljs$core$hash_combine:lc
cljs$core$hash_map:ce
cljs$core$hash_ordered_coll:xc
cljs$core$hash_string:jc
cljs$core$hash_unordered_coll:zc
cljs$core$identity:zd
cljs$core$ifn_QMARK_:rd
cljs$core$imul:cc
cljs$core$inc:Bc
cljs$core$indexed_QMARK_:Lc
cljs$core$inode_kv_reduce:tf
cljs$core$into:se
cljs$core$into_array$cljs$0core$0IFn$0_invoke$0arity$02:Ia
cljs$core$iter_reduce$cljs$0core$0IFn$0_invoke$0arity$02:vd
cljs$core$iter_reduce$cljs$0core$0IFn$0_invoke$0arity$03:wd
cljs$core$iterable_QMARK_:pc
cljs$core$js_symbol_QMARK_:La
cljs$core$keep$cljs$0core$0IFn$0_invoke$0arity$02:le
cljs$core$key:Re
cljs$core$key__GT_js$cljs$0core$0IFn$0_invoke$0arity$02:vg
cljs$core$key_test:pf
cljs$core$keys:hf
cljs$core$keyword:Gd
cljs$core$lift_ns:og
cljs$core$linear_traversal_nth$cljs$0core$0IFn$0_invoke$0arity$03:Xc
cljs$core$lookup_sentinel:pd
cljs$core$m3_fmix:fc
cljs$core$m3_hash_unencoded_chars:gc
cljs$core$m3_mix_H1:ec
cljs$core$m3_mix_K1:dc
cljs$core$map:pe
cljs$core$map_QMARK_:kd
cljs$core$map_entry_QMARK_:Qe
cljs$core$merge:Sf
cljs$core$meta:ed
cljs$core$missing_protocol:y
cljs$core$name:Hd
cljs$core$namespace:Fd
cljs$core$native_satisfies_QMARK_:x
cljs$core$never_equiv:bf
cljs$core$new_path:xe
cljs$core$next:M
cljs$core$next_STAR_:Td
cljs$core$nil_iter:de
cljs$core$nth:Nc
cljs$core$nth$cljs$0core$0IFn$0_invoke$0arity$02:Mc
cljs$core$nth$cljs$0core$0IFn$0_invoke$0arity$03:S
cljs$core$pop_tail:De
cljs$core$pr_opts:va
cljs$core$pr_sequential_writer:bg
cljs$core$pr_str_STAR_:bc
cljs$core$pr_str_with_opts:mg
cljs$core$pr_writer:ig
cljs$core$pr_writer_impl:hg
cljs$core$prim_seq$cljs$0core$0IFn$0_invoke$0arity$02:Sc
cljs$core$print_map:jg
cljs$core$print_meta_QMARK_:gg
cljs$core$print_prefix_map:pg
cljs$core$push_tail:ye
cljs$core$pv_clone_node:ve
cljs$core$pv_fresh_node:ue
cljs$core$pv_reduce$cljs$0core$0IFn$0_invoke$0arity$04:Ge
cljs$core$pv_reduce$cljs$0core$0IFn$0_invoke$0arity$05:He
cljs$core$quot:Bd
cljs$core$quote_string:fg
cljs$core$ranged_iterator:Fe
cljs$core$re_matches:ag
cljs$core$record_QMARK_:ld
cljs$core$reduce:Ka
cljs$core$reduce$cljs$0core$0IFn$0_invoke$0arity$02:xd
cljs$core$reduce$cljs$0core$0IFn$0_invoke$0arity$03:Ja
cljs$core$reduce_kv:yd
cljs$core$reduced_QMARK_:Dc
cljs$core$remove_pair:rf
cljs$core$reset_BANG_:ne
cljs$core$rest:sc
cljs$core$select_keys:Tf
cljs$core$seq:D
cljs$core$seq_reduce$cljs$0core$0IFn$0_invoke$0arity$02:td
cljs$core$seq_reduce$cljs$0core$0IFn$0_invoke$0arity$03:ud
cljs$core$sequential_QMARK_:jd
cljs$core$set:$f
cljs$core$set_QMARK_:id
cljs$core$some:ke
cljs$core$spread:Qd
cljs$core$str:z
cljs$core$string_hash_cache:hc
cljs$core$string_hash_cache_count:ic
cljs$core$strip_ns:ng
cljs$core$swap_BANG_:oe
cljs$core$symbol:oc
cljs$core$t_cljs$0core44565:sa
cljs$core$tail_off:we
cljs$core$transduce$cljs$0core$0IFn$0_invoke$0arity$04:Ad
cljs$core$truth_:v
cljs$core$tv_editable_root:Ke
cljs$core$tv_editable_tail:Le
cljs$core$tv_ensure_editable:Ye
cljs$core$tv_push_tail:Ze
cljs$core$type__GT_str:Ea
cljs$core$unchecked_array_for:Ae
cljs$core$val:Se
cljs$core$vals:jf
cljs$core$vec:Pe
cljs$core$vector:Te
cljs$core$vector_QMARK_:md
cljs$core$vector_index_out_of_bounds:ze
cljs$core$with_meta:dd
cljs$core$write_all$cljs$0core$0IFn$0_invoke$0arity$0variadic:dg
cljs$cst$keyword$a:fh
cljs$cst$keyword$alt_DASH_impl:kg
cljs$cst$keyword$auto_DASH_run:Dg
cljs$cst$keyword$callback:Jh
cljs$cst$keyword$category:Hh
cljs$cst$keyword$childContextTypes:Jg
cljs$cst$keyword$class:Ng
cljs$cst$keyword$className:Ch
cljs$cst$keyword$cljsLegacyRender:Og
cljs$cst$keyword$cljs_DOT_core_SLASH_not_DASH_found:Vf
cljs$cst$keyword$componentWillUnmount:kh
cljs$cst$keyword$component_DASH_did_DASH_update:Zg
cljs$cst$keyword$component_DASH_will_DASH_unmount:zh
cljs$cst$keyword$constructor:Ig
cljs$cst$keyword$contextType:mh
cljs$cst$keyword$contextTypes:uh
cljs$cst$keyword$d:eh
cljs$cst$keyword$displayName:Eg
cljs$cst$keyword$display_DASH_name:sh
cljs$cst$keyword$div:qh
cljs$cst$keyword$dup:Ba
cljs$cst$keyword$fallback_DASH_impl:lg
cljs$cst$keyword$fill:wh
cljs$cst$keyword$flush_DASH_on_DASH_newline:wa
cljs$cst$keyword$font_DASH_family:Yg
cljs$cst$keyword$font_DASH_size:Ah
cljs$cst$keyword$form:nh
cljs$cst$keyword$function_DASH_components:ah
cljs$cst$keyword$g:bh
cljs$cst$keyword$getDerivedStateFromError:Gg
cljs$cst$keyword$getDerivedStateFromProps:oh
cljs$cst$keyword$getInitialState:Tg
cljs$cst$keyword$h4:Xg
cljs$cst$keyword$height:th
cljs$cst$keyword$href:Gh
cljs$cst$keyword$id:xh
cljs$cst$keyword$input:Lg
cljs$cst$keyword$key:dh
cljs$cst$keyword$keyword_DASH_fn:xg
cljs$cst$keyword$meta:Aa
cljs$cst$keyword$more_DASH_marker:cg
cljs$cst$keyword$name:Qg
cljs$cst$keyword$no_DASH_cache:Wg
cljs$cst$keyword$on_DASH_change:Ag
cljs$cst$keyword$on_DASH_dispose:Fg
cljs$cst$keyword$on_DASH_set:Ug
cljs$cst$keyword$on_DASH_submit:Fh
cljs$cst$keyword$on_DASH_write:ch
cljs$cst$keyword$option:Bh
cljs$cst$keyword$p:lh
cljs$cst$keyword$path:Vg
cljs$cst$keyword$placeholder:Sg
cljs$cst$keyword$print_DASH_length:Ca
cljs$cst$keyword$readably:xa
cljs$cst$keyword$reagentRender:Pg
cljs$cst$keyword$reagent_DASH_render:$g
cljs$cst$keyword$render:Bg
cljs$cst$keyword$select:Rg
cljs$cst$keyword$shouldComponentUpdate:vh
cljs$cst$keyword$stroke:yg
cljs$cst$keyword$stroke_DASH_width:Hg
cljs$cst$keyword$svg:gh
cljs$cst$keyword$text:Eh
cljs$cst$keyword$transform:Kg
cljs$cst$keyword$tspan:Dh
cljs$cst$keyword$type:Ih
cljs$cst$keyword$val:qg
cljs$cst$keyword$validator:ph
cljs$cst$keyword$value:rh
cljs$cst$keyword$version:Mg
cljs$cst$keyword$viewbox:Cg
cljs$cst$keyword$width:yh
cljs$cst$keyword$x:jh
cljs$cst$keyword$xml_COLON_space:hh
cljs$cst$keyword$xmlns:zg
cljs$cst$keyword$y:ih
clojure$set$difference:ti
clojure$string$join$cljs$0core$0IFn$0_invoke$0arity$02:Sh
clojure$string$replace:Rh
clojure$string$replace_all:Ph
clojure$string$replace_with:Qh
clojure$string$split$cljs$0core$0IFn$0_invoke$0arity$03:Th
contactcalc$core$cfb_calc$cljs$0core$0IFn$0_invoke$0arity$02:Nj
contactcalc$core$contact_calc:Uj
contactcalc$core$contact_component:Zj
contactcalc$core$contact_form:Xj
contactcalc$core$diagram_component:Vj
contactcalc$core$f8_calc:Pj
contactcalc$core$figure8:Jj
contactcalc$core$home_page:Ij
contactcalc$core$lens_calc:Sj
contactcalc$core$make_negative:Lj
contactcalc$core$make_small:Mj
contactcalc$core$references:Yj
contactcalc$core$sfs_calc:Rj
contactcalc$core$solid_calc:Tj
contactcalc$core$solid_torus:Oj
contactcalc$core$temp_select:Wj
contactcalc$core$whitehead:Kj
contactcalc$core$whitehead_calc:Qj
cur$jscomp$inline_1323:ck
goog$UID_PROPERTY_:ca
goog$getUid:ba
goog$global:aa
goog$object$PROTOTYPE_FIELDS_:ma
goog$object$extend:na
goog$object$get:la
goog$object$getKeys:ha
goog$string$StringBuffer:oa
goog$typeOf:q
goog$uidCounter_:fa
module$node_modules$mathjs$lib$cjs$index:X
module$node_modules$react$index:Oh
module$node_modules$react_dom$index:Ej
object$jscomp$inline_1319:ak
part$jscomp$inline_1324:dk
parts$jscomp$inline_1322:bk
reagent:Uh
reagent$dom$render$cljs$0core$0IFn$0_invoke$0arity$03:Hj
reagent$dom$render_comp:Gj
reagent$dom$roots:Fj
reagent$impl:Vh
reagent$impl$batching$compare_mount_order:ii
reagent$impl$batching$fake_raf:gi
reagent$impl$batching$mount_count:fi
reagent$impl$batching$next_tick:hi
reagent$impl$batching$queue_render:pi
reagent$impl$batching$ratom_flush:ji
reagent$impl$batching$render_queue:oi
reagent$impl$batching$run_funs:ki
reagent$impl$component$_STAR_current_component_STAR_:Oi
reagent$impl$component$built_in_static_method_names:Uf
reagent$impl$component$cache_react_class:$i
reagent$impl$component$camelify_map_keys:Vi
reagent$impl$component$cljsify:Yi
reagent$impl$component$create_class:Zi
reagent$impl$component$custom_wrapper:Si
reagent$impl$component$dash_to_method_name:Ui
reagent$impl$component$functional_render:bj
reagent$impl$component$functional_render_fn:dj
reagent$impl$component$functional_render_memo_fn:cj
reagent$impl$component$functional_wrap_render:aj
reagent$impl$component$map_to_js:Xi
reagent$impl$component$obligatory:Ti
reagent$impl$component$props_argv:Pi
reagent$impl$component$rat_opts:Ni
reagent$impl$component$reagent_class_QMARK_:Qi
reagent$impl$component$wrap_funs:Wi
reagent$impl$component$wrap_render:Ri
reagent$impl$input$input_component_set_value:gj
reagent$impl$input$input_handle_change:hj
reagent$impl$input$input_node_set_value:fj
reagent$impl$input$input_render_setup:ij
reagent$impl$input$input_spec:jj
reagent$impl$input$these_inputs_have_selection_api:ej
reagent$impl$protocols$as_element:ri
reagent$impl$protocols$get_id:qi
reagent$impl$protocols$make_element:si
reagent$impl$template:kj
reagent$impl$template$HiccupTag:vj
reagent$impl$template$cache_get:oj
reagent$impl$template$convert_custom_prop_value:tj
reagent$impl$template$convert_prop_value:qj
reagent$impl$template$custom_kv_conv:sj
reagent$impl$template$custom_prop_name_cache:rj
reagent$impl$template$default_compiler:Dj
reagent$impl$template$expand_seq:Bj
reagent$impl$template$function_element:xj
reagent$impl$template$kv_conv:pj
reagent$impl$template$make_element:uj
reagent$impl$template$maybe_function_element:yj
reagent$impl$template$native_element:Aj
reagent$impl$template$prop_name_cache:nj
reagent$impl$template$re_tag:mj
reagent$impl$template$reag_element:wj
reagent$impl$template$t_reagent$0impl$0template31789:lj
reagent$impl$template$tag_name_cache:zj
reagent$impl$template$vec_to_elem:Cj
reagent$impl$util$_STAR_always_update_STAR_:ci
reagent$impl$util$capitalize:Yh
reagent$impl$util$class_names:bi
reagent$impl$util$dash_to_prop_name:Zh
reagent$impl$util$dont_camel_case:Xh
reagent$impl$util$fun_name:$h
reagent$impl$util$get_react_key:di
reagent$impl$util$is_client:Wh
reagent$impl$util$named_QMARK_:ai
reagent$impl$util$react_key_from_vec:ei
reagent$ratom$RAtom:Ci
reagent$ratom$Reaction:Gi
reagent$ratom$_STAR_ratom_context_STAR_:ui
reagent$ratom$add_w:xi
reagent$ratom$atom:Di
reagent$ratom$deref_capture:vi
reagent$ratom$dispose_BANG_:Ei
reagent$ratom$flush_BANG_:Ji
reagent$ratom$handle_reaction_change:Mb
reagent$ratom$make_reaction:Ki
reagent$ratom$notify_deref_watcher_BANG_:wi
reagent$ratom$notify_w:zi
reagent$ratom$pr_atom:Ai
reagent$ratom$rea_queue:Bi
reagent$ratom$remove_w:yi
reagent$ratom$run_in_reaction:Mi
reagent$ratom$temp_reaction:Li
shadow$js$files:Kh
shadow$js$jsRequire:Nh
shadow$js$nativeRequires:Lh
shadow$js$requireStack:Mh
